%!Adobe-FontList 1.20
%Locale:0x419

%BeginFont
Handler:DirectoryHandler
FontType:Invalid
OutlineFileName:D:\Front-End Course\Responsive\lucid_onepage\Font\fontello.eot
FileModTime:1563993454
%EndFont

%BeginFont
Handler:DirectoryHandler
FontType:Invalid
OutlineFileName:D:\Front-End Course\Responsive\lucid_onepage\Font\fontello.svg
FileModTime:1563993454
%EndFont

%BeginFont
Handler:DirectoryHandler
FontType:TrueType
FontName:fontello
FamilyName:fontello
StyleName:Regular
FullName:fontello
MenuName:fontello
StyleBits:0
WritingScript:Roman
OutlineFileName:D:\Front-End Course\Responsive\lucid_onepage\Font\fontello.ttf
DataFormat:sfntData
hasSVG:no
VariableFontType:NonVariableFont
FileLength:6604
FileModTime:1563993454
WeightClass:400
WidthClass:5
AngleClass:0
NameArray:0,Mac,4,fontello
NameArray:0,Win,1,fontello
%EndFont

%BeginFont
Handler:DirectoryHandler
FontType:Invalid
OutlineFileName:D:\Front-End Course\Responsive\lucid_onepage\Font\fontello.woff
FileModTime:1563993454
%EndFont

%BeginFont
Handler:DirectoryHandler
FontType:Invalid
OutlineFileName:D:\Front-End Course\Responsive\lucid_onepage\Font\fontello.woff2
FileModTime:1563993454
%EndFont

%BeginFont
Handler:DirectoryHandler
FontType:Invalid
OutlineFileName:D:\Front-End Course\Responsive\lucid_onepage\Font\slick.eot
FileModTime:1507052969
%EndFont

%BeginFont
Handler:DirectoryHandler
FontType:Invalid
OutlineFileName:D:\Front-End Course\Responsive\lucid_onepage\Font\slick.svg
FileModTime:1507052969
%EndFont

%BeginFont
Handler:DirectoryHandler
FontType:TrueType
FontName:slick
FamilyName:slick
StyleName:Regular
FullName:slick
MenuName:slick
StyleBits:0
WritingScript:Roman
OutlineFileName:D:\Front-End Course\Responsive\lucid_onepage\Font\slick.ttf
DataFormat:sfntData
hasSVG:no
VariableFontType:NonVariableFont
FileLength:1892
FileModTime:1507052969
WeightClass:400
WidthClass:5
AngleClass:0
NameArray:0,Mac,4,slick
NameArray:0,Win,1,slick
%EndFont

%BeginFont
Handler:DirectoryHandler
FontType:Invalid
OutlineFileName:D:\Front-End Course\Responsive\lucid_onepage\Font\slick.woff
FileModTime:1507052969
%EndFont

